   Compiling zrail-rust v0.0.3-rc.8 (/root/zrail-rc9/crates/zrail-rust)
    Finished `test` profile [unoptimized] target(s) in 19.24s
     Running unittests src/lib.rs (/mnt/volume_atl1_1787847588295/zrail-rc9/target/debug/deps/zrail_rust-a18c36634132c20d)

running 1 test
verified kafkars/kafka-driver a45be8071e6a663cd4ae3142cc5304ece9fdf45e tree 5a6dbfe18b7f8a22c6cf902803f0f1f222480b2b
verified kafkars/kafkars 67ad7aa8d91f9639c87b00338b9e21a633f7bb4c tree 6abde2775e12d772d7cdc1ea01fc253e699c6a45
verified zsumz/rafter e99b43c1b3fb3c94dd626effccee8420016594f2 tree b91b3ca7362219e32fdbb08a8374403c0353e745
verified frozen predicate extractions and fixture bytes: facade-origins.json
verified frozen predicate extractions and fixture bytes: budget-origins.json
verified frozen predicate extractions and fixture bytes: size-selection-origins.json
verified frozen predicate extractions and fixture bytes: file-origins.json
verified 144 exact frozen policy registry instances
file parity: 39 policies, 3468 frozen occurrences, 194 adversarial fixtures; sha256 edf2b1d64d99176a7cf53695fe0abfd8c9e3d186a146ffdf2a490e9a4cfaec63
test repository_files::repository_files_test::qualify_all_frozen_kafka_driver_file_predicates ... ok

test result: ok. 1 passed; 0 failed; 0 ignored; 0 measured; 564 filtered out; finished in 2.58s

     Running tests/external_macro_cache.rs (/mnt/volume_atl1_1787847588295/zrail-rc9/target/debug/deps/external_macro_cache-8950b779e25db5b4)

running 0 tests

test result: ok. 0 passed; 0 failed; 0 ignored; 0 measured; 2 filtered out; finished in 0.00s

     Running tests/rc9_inventory.rs (/mnt/volume_atl1_1787847588295/zrail-rc9/target/debug/deps/rc9_inventory-2cf52ca640bf3ef7)

running 0 tests

test result: ok. 0 passed; 0 failed; 0 ignored; 0 measured; 2 filtered out; finished in 0.00s

